nohup: ignoring input
Train: torch.Size([14031, 5, 64, 32]), Valid: torch.Size([4677, 5, 64, 32]), Test: torch.Size([4678, 5, 64, 32])
Starting Downstream Task
Starting Downstream Task
Running context window: 7 with stride: 7 with seed: 0
Shape: (5, 144, 72)
Epoch: 0, Train Loss: 0.08320, Valid Loss: 0.07205, EPS: 0.991
Epoch: 1, Train Loss: 0.05518, Valid Loss: 0.06537, EPS: 0.982
Epoch: 2, Train Loss: 0.04622, Valid Loss: 0.06461, EPS: 0.973
Epoch: 3, Train Loss: 0.04082, Valid Loss: 0.06720, EPS: 0.964
Epoch: 4, Train Loss: 0.03714, Valid Loss: 0.06583, EPS: 0.955
Epoch: 5, Train Loss: 0.03449, Valid Loss: 0.06746, EPS: 0.946
Epoch: 6, Train Loss: 0.03319, Valid Loss: 0.06647, EPS: 0.9369999999999999
Epoch: 7, Train Loss: 0.03198, Valid Loss: 0.06836, EPS: 0.928
Epoch: 8, Train Loss: 0.03087, Valid Loss: 0.06846, EPS: 0.919
Epoch: 9, Train Loss: 0.03137, Valid Loss: 0.06939, EPS: 0.91
Epoch: 10, Train Loss: 0.03377, Valid Loss: 0.06755, EPS: 0.901
Epoch: 11, Train Loss: 0.03159, Valid Loss: 0.07183, EPS: 0.892
Epoch: 12, Train Loss: 0.02956, Valid Loss: 0.06955, EPS: 0.883
Epoch: 13, Train Loss: 0.02851, Valid Loss: 0.06780, EPS: 0.874
Epoch: 14, Train Loss: 0.02768, Valid Loss: 0.06347, EPS: 0.865
Epoch: 15, Train Loss: 0.02658, Valid Loss: 0.06235, EPS: 0.856
Epoch: 16, Train Loss: 0.02468, Valid Loss: 0.06383, EPS: 0.847
Epoch: 17, Train Loss: 0.02480, Valid Loss: 0.06346, EPS: 0.8380000000000001
Epoch: 18, Train Loss: 0.02493, Valid Loss: 0.06270, EPS: 0.8290000000000001
Epoch: 19, Train Loss: 0.02540, Valid Loss: 0.06228, EPS: 0.8200000000000001
Epoch: 20, Train Loss: 0.02555, Valid Loss: 0.06199, EPS: 0.811
Epoch: 21, Train Loss: 0.02690, Valid Loss: 0.06167, EPS: 0.802
Epoch: 22, Train Loss: 0.02547, Valid Loss: 0.06180, EPS: 0.793
Epoch: 23, Train Loss: 0.02584, Valid Loss: 0.06239, EPS: 0.784
Epoch: 24, Train Loss: 0.02453, Valid Loss: 0.06275, EPS: 0.775
Epoch: 25, Train Loss: 0.02547, Valid Loss: 0.06180, EPS: 0.766
Epoch: 26, Train Loss: 0.02503, Valid Loss: 0.06224, EPS: 0.757
Epoch: 27, Train Loss: 0.02476, Valid Loss: 0.06189, EPS: 0.748
Epoch: 28, Train Loss: 0.02760, Valid Loss: 0.06151, EPS: 0.739
Epoch: 29, Train Loss: 0.02637, Valid Loss: 0.06112, EPS: 0.73
Epoch: 30, Train Loss: 0.02612, Valid Loss: 0.06266, EPS: 0.721
Epoch: 31, Train Loss: 0.02511, Valid Loss: 0.06264, EPS: 0.712
Epoch: 32, Train Loss: 0.02460, Valid Loss: 0.06307, EPS: 0.703
Epoch: 33, Train Loss: 0.02575, Valid Loss: 0.06230, EPS: 0.694
Epoch: 34, Train Loss: 0.02581, Valid Loss: 0.06274, EPS: 0.685
Epoch: 35, Train Loss: 0.02422, Valid Loss: 0.06251, EPS: 0.676
Epoch: 36, Train Loss: 0.02605, Valid Loss: 0.06217, EPS: 0.667
Epoch: 37, Train Loss: 0.02633, Valid Loss: 0.06342, EPS: 0.658
Epoch: 38, Train Loss: 0.02666, Valid Loss: 0.06207, EPS: 0.649
Epoch: 39, Train Loss: 0.02582, Valid Loss: 0.06289, EPS: 0.64
Epoch: 40, Train Loss: 0.02512, Valid Loss: 0.06364, EPS: 0.6310000000000001
Epoch: 41, Train Loss: 0.02771, Valid Loss: 0.06222, EPS: 0.6220000000000001
Epoch: 42, Train Loss: 0.02563, Valid Loss: 0.06172, EPS: 0.6130000000000001
Epoch: 43, Train Loss: 0.02454, Valid Loss: 0.06172, EPS: 0.6040000000000001
Epoch: 44, Train Loss: 0.02817, Valid Loss: 0.06143, EPS: 0.5950000000000001
Epoch: 45, Train Loss: 0.02585, Valid Loss: 0.06144, EPS: 0.5860000000000001
Epoch: 46, Train Loss: 0.02807, Valid Loss: 0.06111, EPS: 0.5770000000000001
Epoch: 47, Train Loss: 0.02653, Valid Loss: 0.06115, EPS: 0.5680000000000001
Epoch: 48, Train Loss: 0.02374, Valid Loss: 0.06145, EPS: 0.559
Epoch: 49, Train Loss: 0.02527, Valid Loss: 0.06178, EPS: 0.55
Epoch: 50, Train Loss: 0.02647, Valid Loss: 0.06171, EPS: 0.541
Epoch: 51, Train Loss: 0.02653, Valid Loss: 0.06184, EPS: 0.532
Epoch: 52, Train Loss: 0.02525, Valid Loss: 0.06182, EPS: 0.523
Epoch: 53, Train Loss: 0.02485, Valid Loss: 0.06193, EPS: 0.514
Epoch: 54, Train Loss: 0.02655, Valid Loss: 0.06195, EPS: 0.505
Epoch: 55, Train Loss: 0.02780, Valid Loss: 0.06205, EPS: 0.496
Epoch: 56, Train Loss: 0.02473, Valid Loss: 0.06202, EPS: 0.4870000000000001
Epoch: 57, Train Loss: 0.02656, Valid Loss: 0.06207, EPS: 0.4780000000000001
Epoch: 58, Train Loss: 0.02792, Valid Loss: 0.06200, EPS: 0.4690000000000001
Epoch: 59, Train Loss: 0.02913, Valid Loss: 0.06193, EPS: 0.4600000000000001
Epoch: 60, Train Loss: 0.02695, Valid Loss: 0.06201, EPS: 0.45100000000000007
Epoch: 61, Train Loss: 0.02813, Valid Loss: 0.06195, EPS: 0.44200000000000006
Epoch: 62, Train Loss: 0.02654, Valid Loss: 0.06197, EPS: 0.43300000000000005
Epoch: 63, Train Loss: 0.02837, Valid Loss: 0.06188, EPS: 0.42400000000000004
Epoch: 64, Train Loss: 0.02850, Valid Loss: 0.06195, EPS: 0.41500000000000004
Epoch: 65, Train Loss: 0.02878, Valid Loss: 0.06186, EPS: 0.406
Epoch: 66, Train Loss: 0.02656, Valid Loss: 0.06179, EPS: 0.397
Epoch: 67, Train Loss: 0.03026, Valid Loss: 0.06176, EPS: 0.388
Epoch: 68, Train Loss: 0.03121, Valid Loss: 0.06187, EPS: 0.3790000000000001
Epoch: 69, Train Loss: 0.03000, Valid Loss: 0.06180, EPS: 0.3700000000000001
Epoch: 70, Train Loss: 0.02961, Valid Loss: 0.06182, EPS: 0.3610000000000001
Epoch: 71, Train Loss: 0.02990, Valid Loss: 0.06184, EPS: 0.3520000000000001
Epoch: 72, Train Loss: 0.02914, Valid Loss: 0.06179, EPS: 0.343
Epoch: 73, Train Loss: 0.02908, Valid Loss: 0.06180, EPS: 0.334
Epoch: 74, Train Loss: 0.03043, Valid Loss: 0.06184, EPS: 0.325
Epoch: 75, Train Loss: 0.02781, Valid Loss: 0.06178, EPS: 0.316
Epoch: 76, Train Loss: 0.03296, Valid Loss: 0.06181, EPS: 0.307
Epoch: 77, Train Loss: 0.03117, Valid Loss: 0.06183, EPS: 0.298
Epoch: 78, Train Loss: 0.03113, Valid Loss: 0.06179, EPS: 0.289
Epoch: 79, Train Loss: 0.02868, Valid Loss: 0.06177, EPS: 0.27999999999999997
Epoch: 80, Train Loss: 0.02878, Valid Loss: 0.06175, EPS: 0.27099999999999996
Epoch: 81, Train Loss: 0.03176, Valid Loss: 0.06178, EPS: 0.26200000000000007
Epoch: 82, Train Loss: 0.03070, Valid Loss: 0.06180, EPS: 0.25300000000000006
Epoch: 83, Train Loss: 0.03184, Valid Loss: 0.06187, EPS: 0.24400000000000005
Epoch: 84, Train Loss: 0.02809, Valid Loss: 0.06183, EPS: 0.23500000000000004
Epoch: 85, Train Loss: 0.03078, Valid Loss: 0.06187, EPS: 0.22600000000000003
Epoch: 86, Train Loss: 0.03138, Valid Loss: 0.06180, EPS: 0.21700000000000003
Epoch: 87, Train Loss: 0.03458, Valid Loss: 0.06176, EPS: 0.20800000000000002
Epoch: 88, Train Loss: 0.03163, Valid Loss: 0.06182, EPS: 0.199
Epoch: 89, Train Loss: 0.03343, Valid Loss: 0.06175, EPS: 0.19
Epoch: 90, Train Loss: 0.03185, Valid Loss: 0.06172, EPS: 0.181
Epoch: 91, Train Loss: 0.03058, Valid Loss: 0.06182, EPS: 0.172
Epoch: 92, Train Loss: 0.03205, Valid Loss: 0.06183, EPS: 0.16299999999999998
Epoch: 93, Train Loss: 0.03094, Valid Loss: 0.06177, EPS: 0.15400000000000005
Epoch: 94, Train Loss: 0.03169, Valid Loss: 0.06174, EPS: 0.14500000000000005
Epoch: 95, Train Loss: 0.03026, Valid Loss: 0.06176, EPS: 0.13600000000000004
Epoch: 96, Train Loss: 0.03447, Valid Loss: 0.06179, EPS: 0.12700000000000003
Epoch: 97, Train Loss: 0.03453, Valid Loss: 0.06175, EPS: 0.11800000000000002
Epoch: 98, Train Loss: 0.03169, Valid Loss: 0.06173, EPS: 0.10900000000000001
Epoch: 99, Train Loss: 0.03494, Valid Loss: 0.06178, EPS: 0.1
Test Loss: 0.06175
Test Loss: 0.06013
Running context window: 7 with stride: 7 with seed: 42
Shape: (5, 144, 72)
Epoch: 0, Train Loss: 0.08411, Valid Loss: 0.07426, EPS: 0.991
Epoch: 1, Train Loss: 0.05543, Valid Loss: 0.06604, EPS: 0.982
Epoch: 2, Train Loss: 0.04571, Valid Loss: 0.06364, EPS: 0.973
Epoch: 3, Train Loss: 0.04067, Valid Loss: 0.06327, EPS: 0.964
Epoch: 4, Train Loss: 0.03820, Valid Loss: 0.06655, EPS: 0.955
Epoch: 5, Train Loss: 0.03546, Valid Loss: 0.06668, EPS: 0.946
Epoch: 6, Train Loss: 0.03231, Valid Loss: 0.06557, EPS: 0.9369999999999999
Epoch: 7, Train Loss: 0.03213, Valid Loss: 0.06831, EPS: 0.928
Epoch: 8, Train Loss: 0.03004, Valid Loss: 0.06712, EPS: 0.919
Epoch: 9, Train Loss: 0.02998, Valid Loss: 0.06767, EPS: 0.91
Epoch: 10, Train Loss: 0.02922, Valid Loss: 0.06621, EPS: 0.901
Epoch: 11, Train Loss: 0.02926, Valid Loss: 0.07071, EPS: 0.892
Epoch: 12, Train Loss: 0.02789, Valid Loss: 0.06906, EPS: 0.883
Epoch: 13, Train Loss: 0.02895, Valid Loss: 0.06831, EPS: 0.874
Epoch: 14, Train Loss: 0.03033, Valid Loss: 0.07132, EPS: 0.865
Epoch: 15, Train Loss: 0.02790, Valid Loss: 0.06265, EPS: 0.856
Epoch: 16, Train Loss: 0.02710, Valid Loss: 0.06128, EPS: 0.847
Epoch: 17, Train Loss: 0.02675, Valid Loss: 0.06178, EPS: 0.8380000000000001
Epoch: 18, Train Loss: 0.02460, Valid Loss: 0.06140, EPS: 0.8290000000000001
Epoch: 19, Train Loss: 0.02680, Valid Loss: 0.06040, EPS: 0.8200000000000001
Epoch: 20, Train Loss: 0.02515, Valid Loss: 0.06068, EPS: 0.811
Epoch: 21, Train Loss: 0.02408, Valid Loss: 0.06111, EPS: 0.802
Epoch: 22, Train Loss: 0.02485, Valid Loss: 0.06118, EPS: 0.793
Epoch: 23, Train Loss: 0.02273, Valid Loss: 0.06389, EPS: 0.784
Epoch: 24, Train Loss: 0.02636, Valid Loss: 0.06064, EPS: 0.775
Epoch: 25, Train Loss: 0.02470, Valid Loss: 0.06045, EPS: 0.766
Epoch: 26, Train Loss: 0.02566, Valid Loss: 0.06064, EPS: 0.757
Epoch: 27, Train Loss: 0.02721, Valid Loss: 0.06276, EPS: 0.748
Epoch: 28, Train Loss: 0.02443, Valid Loss: 0.06122, EPS: 0.739
Epoch: 29, Train Loss: 0.02574, Valid Loss: 0.06119, EPS: 0.73
Epoch: 30, Train Loss: 0.02518, Valid Loss: 0.06201, EPS: 0.721
Epoch: 31, Train Loss: 0.02518, Valid Loss: 0.06140, EPS: 0.712
Epoch: 32, Train Loss: 0.02554, Valid Loss: 0.06070, EPS: 0.703
Epoch: 33, Train Loss: 0.02444, Valid Loss: 0.06039, EPS: 0.694
Epoch: 34, Train Loss: 0.02511, Valid Loss: 0.06033, EPS: 0.685
Epoch: 35, Train Loss: 0.02812, Valid Loss: 0.05997, EPS: 0.676
Epoch: 36, Train Loss: 0.02652, Valid Loss: 0.05983, EPS: 0.667
Epoch: 37, Train Loss: 0.02731, Valid Loss: 0.05967, EPS: 0.658
Epoch: 38, Train Loss: 0.02450, Valid Loss: 0.05979, EPS: 0.649
Epoch: 39, Train Loss: 0.02667, Valid Loss: 0.05981, EPS: 0.64
Epoch: 40, Train Loss: 0.02558, Valid Loss: 0.05974, EPS: 0.6310000000000001
Epoch: 41, Train Loss: 0.02791, Valid Loss: 0.05970, EPS: 0.6220000000000001
Epoch: 42, Train Loss: 0.02506, Valid Loss: 0.05979, EPS: 0.6130000000000001
Epoch: 43, Train Loss: 0.02637, Valid Loss: 0.05969, EPS: 0.6040000000000001
Epoch: 44, Train Loss: 0.02536, Valid Loss: 0.05976, EPS: 0.5950000000000001
Epoch: 45, Train Loss: 0.02388, Valid Loss: 0.05992, EPS: 0.5860000000000001
Epoch: 46, Train Loss: 0.02524, Valid Loss: 0.06011, EPS: 0.5770000000000001
Epoch: 47, Train Loss: 0.02662, Valid Loss: 0.06016, EPS: 0.5680000000000001
Epoch: 48, Train Loss: 0.02679, Valid Loss: 0.06028, EPS: 0.559
Epoch: 49, Train Loss: 0.02555, Valid Loss: 0.06022, EPS: 0.55
Epoch: 50, Train Loss: 0.02763, Valid Loss: 0.06021, EPS: 0.541
Epoch: 51, Train Loss: 0.02627, Valid Loss: 0.06017, EPS: 0.532
Epoch: 52, Train Loss: 0.02586, Valid Loss: 0.06019, EPS: 0.523
Epoch: 53, Train Loss: 0.02930, Valid Loss: 0.06018, EPS: 0.514
Epoch: 54, Train Loss: 0.02850, Valid Loss: 0.06019, EPS: 0.505
Epoch: 55, Train Loss: 0.02719, Valid Loss: 0.06012, EPS: 0.496
Epoch: 56, Train Loss: 0.02694, Valid Loss: 0.06008, EPS: 0.4870000000000001
Epoch: 57, Train Loss: 0.02524, Valid Loss: 0.06014, EPS: 0.4780000000000001
Epoch: 58, Train Loss: 0.02684, Valid Loss: 0.06011, EPS: 0.4690000000000001
Epoch: 59, Train Loss: 0.03071, Valid Loss: 0.06012, EPS: 0.4600000000000001
Epoch: 60, Train Loss: 0.02792, Valid Loss: 0.06006, EPS: 0.45100000000000007
Epoch: 61, Train Loss: 0.02798, Valid Loss: 0.06011, EPS: 0.44200000000000006
Epoch: 62, Train Loss: 0.03123, Valid Loss: 0.06002, EPS: 0.43300000000000005
Epoch: 63, Train Loss: 0.03085, Valid Loss: 0.06012, EPS: 0.42400000000000004
Epoch: 64, Train Loss: 0.03042, Valid Loss: 0.06010, EPS: 0.41500000000000004
Epoch: 65, Train Loss: 0.02872, Valid Loss: 0.06007, EPS: 0.406
Epoch: 66, Train Loss: 0.03089, Valid Loss: 0.05998, EPS: 0.397
Epoch: 67, Train Loss: 0.02768, Valid Loss: 0.06008, EPS: 0.388
Epoch: 68, Train Loss: 0.02934, Valid Loss: 0.06010, EPS: 0.3790000000000001
Epoch: 69, Train Loss: 0.02594, Valid Loss: 0.06006, EPS: 0.3700000000000001
Epoch: 70, Train Loss: 0.03035, Valid Loss: 0.06007, EPS: 0.3610000000000001
Epoch: 71, Train Loss: 0.03005, Valid Loss: 0.06006, EPS: 0.3520000000000001
Epoch: 72, Train Loss: 0.03185, Valid Loss: 0.06006, EPS: 0.343
Epoch: 73, Train Loss: 0.03364, Valid Loss: 0.06011, EPS: 0.334
Epoch: 74, Train Loss: 0.03049, Valid Loss: 0.06003, EPS: 0.325
Epoch: 75, Train Loss: 0.03237, Valid Loss: 0.05999, EPS: 0.316
Epoch: 76, Train Loss: 0.03166, Valid Loss: 0.06006, EPS: 0.307
Epoch: 77, Train Loss: 0.03491, Valid Loss: 0.06002, EPS: 0.298
Epoch: 78, Train Loss: 0.03086, Valid Loss: 0.06010, EPS: 0.289
Epoch: 79, Train Loss: 0.03518, Valid Loss: 0.06003, EPS: 0.27999999999999997
Epoch: 80, Train Loss: 0.02981, Valid Loss: 0.06004, EPS: 0.27099999999999996
Epoch: 81, Train Loss: 0.03183, Valid Loss: 0.06007, EPS: 0.26200000000000007
Epoch: 82, Train Loss: 0.03433, Valid Loss: 0.06002, EPS: 0.25300000000000006
Epoch: 83, Train Loss: 0.03063, Valid Loss: 0.05999, EPS: 0.24400000000000005
Epoch: 84, Train Loss: 0.03366, Valid Loss: 0.06000, EPS: 0.23500000000000004
Epoch: 85, Train Loss: 0.03192, Valid Loss: 0.06002, EPS: 0.22600000000000003
Epoch: 86, Train Loss: 0.03437, Valid Loss: 0.06000, EPS: 0.21700000000000003
Epoch: 87, Train Loss: 0.03341, Valid Loss: 0.06002, EPS: 0.20800000000000002
Epoch: 88, Train Loss: 0.03342, Valid Loss: 0.06004, EPS: 0.199
Epoch: 89, Train Loss: 0.03418, Valid Loss: 0.06004, EPS: 0.19
Epoch: 90, Train Loss: 0.03294, Valid Loss: 0.06010, EPS: 0.181
Epoch: 91, Train Loss: 0.03510, Valid Loss: 0.06002, EPS: 0.172
Epoch: 92, Train Loss: 0.03220, Valid Loss: 0.06007, EPS: 0.16299999999999998
Epoch: 93, Train Loss: 0.03858, Valid Loss: 0.06009, EPS: 0.15400000000000005
Epoch: 94, Train Loss: 0.03363, Valid Loss: 0.06003, EPS: 0.14500000000000005
Epoch: 95, Train Loss: 0.03244, Valid Loss: 0.06002, EPS: 0.13600000000000004
Epoch: 96, Train Loss: 0.03221, Valid Loss: 0.06004, EPS: 0.12700000000000003
Epoch: 97, Train Loss: 0.03996, Valid Loss: 0.06001, EPS: 0.11800000000000002
Epoch: 98, Train Loss: 0.03830, Valid Loss: 0.06004, EPS: 0.10900000000000001
Epoch: 99, Train Loss: 0.03582, Valid Loss: 0.06000, EPS: 0.1
Test Loss: 0.06003
Test Loss: 0.05890
Running context window: 7 with stride: 7 with seed: 123
Shape: (5, 144, 72)
Epoch: 0, Train Loss: 0.08268, Valid Loss: 0.07346, EPS: 0.991
Epoch: 1, Train Loss: 0.05518, Valid Loss: 0.06679, EPS: 0.982
Epoch: 2, Train Loss: 0.04626, Valid Loss: 0.06414, EPS: 0.973
Epoch: 3, Train Loss: 0.04075, Valid Loss: 0.06502, EPS: 0.964
Epoch: 4, Train Loss: 0.03747, Valid Loss: 0.06414, EPS: 0.955
Epoch: 5, Train Loss: 0.03420, Valid Loss: 0.06601, EPS: 0.946
Epoch: 6, Train Loss: 0.03237, Valid Loss: 0.06733, EPS: 0.9369999999999999
Epoch: 7, Train Loss: 0.03148, Valid Loss: 0.06804, EPS: 0.928
Epoch: 8, Train Loss: 0.03009, Valid Loss: 0.06908, EPS: 0.919
Epoch: 9, Train Loss: 0.02933, Valid Loss: 0.07110, EPS: 0.91
Epoch: 10, Train Loss: 0.03003, Valid Loss: 0.07563, EPS: 0.901
Epoch: 11, Train Loss: 0.03097, Valid Loss: 0.06967, EPS: 0.892
Epoch: 12, Train Loss: 0.03059, Valid Loss: 0.07169, EPS: 0.883
Epoch: 13, Train Loss: 0.03086, Valid Loss: 0.06812, EPS: 0.874
Epoch: 14, Train Loss: 0.02821, Valid Loss: 0.06416, EPS: 0.865
Epoch: 15, Train Loss: 0.02665, Valid Loss: 0.06353, EPS: 0.856
Epoch: 16, Train Loss: 0.02621, Valid Loss: 0.06306, EPS: 0.847
Epoch: 17, Train Loss: 0.02517, Valid Loss: 0.06326, EPS: 0.8380000000000001
Epoch: 18, Train Loss: 0.02509, Valid Loss: 0.06251, EPS: 0.8290000000000001
Epoch: 19, Train Loss: 0.02443, Valid Loss: 0.06154, EPS: 0.8200000000000001
Epoch: 20, Train Loss: 0.02548, Valid Loss: 0.06145, EPS: 0.811
Epoch: 21, Train Loss: 0.02461, Valid Loss: 0.06152, EPS: 0.802
Epoch: 22, Train Loss: 0.02632, Valid Loss: 0.06085, EPS: 0.793
Epoch: 23, Train Loss: 0.02601, Valid Loss: 0.06094, EPS: 0.784
Epoch: 24, Train Loss: 0.02649, Valid Loss: 0.06159, EPS: 0.775
Epoch: 25, Train Loss: 0.02570, Valid Loss: 0.06134, EPS: 0.766
Epoch: 26, Train Loss: 0.02611, Valid Loss: 0.06155, EPS: 0.757
Epoch: 27, Train Loss: 0.02549, Valid Loss: 0.06303, EPS: 0.748
Epoch: 28, Train Loss: 0.02441, Valid Loss: 0.06293, EPS: 0.739
Epoch: 29, Train Loss: 0.02563, Valid Loss: 0.06141, EPS: 0.73
Epoch: 30, Train Loss: 0.02377, Valid Loss: 0.06201, EPS: 0.721
Epoch: 31, Train Loss: 0.02568, Valid Loss: 0.06131, EPS: 0.712
Epoch: 32, Train Loss: 0.02546, Valid Loss: 0.06195, EPS: 0.703
Epoch: 33, Train Loss: 0.02521, Valid Loss: 0.06241, EPS: 0.694
Epoch: 34, Train Loss: 0.02850, Valid Loss: 0.06073, EPS: 0.685
Epoch: 35, Train Loss: 0.02357, Valid Loss: 0.06047, EPS: 0.676
Epoch: 36, Train Loss: 0.02498, Valid Loss: 0.06078, EPS: 0.667
Epoch: 37, Train Loss: 0.02451, Valid Loss: 0.06028, EPS: 0.658
Epoch: 38, Train Loss: 0.02512, Valid Loss: 0.06025, EPS: 0.649
Epoch: 39, Train Loss: 0.02681, Valid Loss: 0.06019, EPS: 0.64
Epoch: 40, Train Loss: 0.02916, Valid Loss: 0.05984, EPS: 0.6310000000000001
Epoch: 41, Train Loss: 0.02706, Valid Loss: 0.05963, EPS: 0.6220000000000001
Epoch: 42, Train Loss: 0.02728, Valid Loss: 0.05960, EPS: 0.6130000000000001
Epoch: 43, Train Loss: 0.02441, Valid Loss: 0.05995, EPS: 0.6040000000000001
Epoch: 44, Train Loss: 0.02553, Valid Loss: 0.06009, EPS: 0.5950000000000001
Epoch: 45, Train Loss: 0.02518, Valid Loss: 0.06015, EPS: 0.5860000000000001
Epoch: 46, Train Loss: 0.02584, Valid Loss: 0.06016, EPS: 0.5770000000000001
Epoch: 47, Train Loss: 0.02673, Valid Loss: 0.06022, EPS: 0.5680000000000001
Epoch: 48, Train Loss: 0.02598, Valid Loss: 0.06026, EPS: 0.559
Epoch: 49, Train Loss: 0.02812, Valid Loss: 0.06018, EPS: 0.55
Epoch: 50, Train Loss: 0.02653, Valid Loss: 0.06010, EPS: 0.541
Epoch: 51, Train Loss: 0.02659, Valid Loss: 0.06008, EPS: 0.532
Epoch: 52, Train Loss: 0.03026, Valid Loss: 0.06007, EPS: 0.523
Epoch: 53, Train Loss: 0.02657, Valid Loss: 0.05994, EPS: 0.514
Epoch: 54, Train Loss: 0.02656, Valid Loss: 0.05991, EPS: 0.505
Epoch: 55, Train Loss: 0.02619, Valid Loss: 0.05991, EPS: 0.496
Epoch: 56, Train Loss: 0.02600, Valid Loss: 0.05992, EPS: 0.4870000000000001
Epoch: 57, Train Loss: 0.02925, Valid Loss: 0.05987, EPS: 0.4780000000000001
Epoch: 58, Train Loss: 0.02922, Valid Loss: 0.05985, EPS: 0.4690000000000001
Epoch: 59, Train Loss: 0.02877, Valid Loss: 0.05991, EPS: 0.4600000000000001
Epoch: 60, Train Loss: 0.02653, Valid Loss: 0.05994, EPS: 0.45100000000000007
Epoch: 61, Train Loss: 0.02782, Valid Loss: 0.05989, EPS: 0.44200000000000006
Epoch: 62, Train Loss: 0.02872, Valid Loss: 0.05989, EPS: 0.43300000000000005
Epoch: 63, Train Loss: 0.03026, Valid Loss: 0.05984, EPS: 0.42400000000000004
Epoch: 64, Train Loss: 0.02923, Valid Loss: 0.05981, EPS: 0.41500000000000004
Epoch: 65, Train Loss: 0.02896, Valid Loss: 0.05989, EPS: 0.406
Epoch: 66, Train Loss: 0.02812, Valid Loss: 0.05991, EPS: 0.397
Epoch: 67, Train Loss: 0.02699, Valid Loss: 0.05981, EPS: 0.388
Epoch: 68, Train Loss: 0.02866, Valid Loss: 0.05990, EPS: 0.3790000000000001
Epoch: 69, Train Loss: 0.02726, Valid Loss: 0.05986, EPS: 0.3700000000000001
Epoch: 70, Train Loss: 0.02894, Valid Loss: 0.05987, EPS: 0.3610000000000001
Epoch: 71, Train Loss: 0.03159, Valid Loss: 0.05988, EPS: 0.3520000000000001
Epoch: 72, Train Loss: 0.03010, Valid Loss: 0.05984, EPS: 0.343
Epoch: 73, Train Loss: 0.03081, Valid Loss: 0.05984, EPS: 0.334
Epoch: 74, Train Loss: 0.03225, Valid Loss: 0.05987, EPS: 0.325
Epoch: 75, Train Loss: 0.03462, Valid Loss: 0.05987, EPS: 0.316
Epoch: 76, Train Loss: 0.03032, Valid Loss: 0.05981, EPS: 0.307
Epoch: 77, Train Loss: 0.03325, Valid Loss: 0.05985, EPS: 0.298
Epoch: 78, Train Loss: 0.03323, Valid Loss: 0.05983, EPS: 0.289
Epoch: 79, Train Loss: 0.03028, Valid Loss: 0.05986, EPS: 0.27999999999999997
Epoch: 80, Train Loss: 0.03316, Valid Loss: 0.05991, EPS: 0.27099999999999996
Epoch: 81, Train Loss: 0.03412, Valid Loss: 0.05985, EPS: 0.26200000000000007
Epoch: 82, Train Loss: 0.03489, Valid Loss: 0.05983, EPS: 0.25300000000000006
Epoch: 83, Train Loss: 0.03235, Valid Loss: 0.05990, EPS: 0.24400000000000005
Epoch: 84, Train Loss: 0.03419, Valid Loss: 0.05982, EPS: 0.23500000000000004
Epoch: 85, Train Loss: 0.03549, Valid Loss: 0.05981, EPS: 0.22600000000000003
Epoch: 86, Train Loss: 0.03373, Valid Loss: 0.05984, EPS: 0.21700000000000003
Epoch: 87, Train Loss: 0.03309, Valid Loss: 0.05987, EPS: 0.20800000000000002
Epoch: 88, Train Loss: 0.03272, Valid Loss: 0.05984, EPS: 0.199
Epoch: 89, Train Loss: 0.03519, Valid Loss: 0.05980, EPS: 0.19
Epoch: 90, Train Loss: 0.03485, Valid Loss: 0.05985, EPS: 0.181
Epoch: 91, Train Loss: 0.03646, Valid Loss: 0.05984, EPS: 0.172
Epoch: 92, Train Loss: 0.03419, Valid Loss: 0.05983, EPS: 0.16299999999999998
Epoch: 93, Train Loss: 0.03422, Valid Loss: 0.05992, EPS: 0.15400000000000005
Epoch: 94, Train Loss: 0.03629, Valid Loss: 0.05983, EPS: 0.14500000000000005
Epoch: 95, Train Loss: 0.03806, Valid Loss: 0.05986, EPS: 0.13600000000000004
Epoch: 96, Train Loss: 0.03563, Valid Loss: 0.05983, EPS: 0.12700000000000003
Epoch: 97, Train Loss: 0.03605, Valid Loss: 0.05981, EPS: 0.11800000000000002
Epoch: 98, Train Loss: 0.03640, Valid Loss: 0.05984, EPS: 0.10900000000000001
Epoch: 99, Train Loss: 0.03639, Valid Loss: 0.05983, EPS: 0.1
Test Loss: 0.05987
Test Loss: 0.05903
