nohup: ignoring input
Train: torch.Size([14031, 5, 64, 32]), Valid: torch.Size([4677, 5, 64, 32]), Test: torch.Size([4678, 5, 64, 32])
Input shape: (C=5, H=144, W=72)
Fine Tuning Both
Starting Downstream Task
Training Decoder
Starting Latent Downstream Task
Epoch: 1, Train Loss: 0.5077, Valid Loss: 0.3484, LR: 0.001
Epoch: 2, Train Loss: 0.2097, Valid Loss: 0.1946, LR: 0.001
Epoch: 3, Train Loss: 0.1502, Valid Loss: 0.1615, LR: 0.001
Epoch: 4, Train Loss: 0.1273, Valid Loss: 0.1740, LR: 0.001
Epoch: 5, Train Loss: 0.1174, Valid Loss: 0.1581, LR: 0.001
Epoch: 6, Train Loss: 0.1074, Valid Loss: 0.1472, LR: 0.001
Epoch: 7, Train Loss: 0.0942, Valid Loss: 0.1513, LR: 0.001
Epoch: 8, Train Loss: 0.0953, Valid Loss: 0.1694, LR: 0.001
Epoch: 9, Train Loss: 0.0978, Valid Loss: 0.1511, LR: 0.001
Epoch: 10, Train Loss: 0.0943, Valid Loss: 0.1524, LR: 0.001
Epoch: 11, Train Loss: 0.0881, Valid Loss: 0.1490, LR: 0.001
Epoch: 12, Train Loss: 0.1082, Valid Loss: 0.1184, LR: 0.001
Epoch: 13, Train Loss: 0.1018, Valid Loss: 0.1974, LR: 0.001
Epoch: 14, Train Loss: 0.0892, Valid Loss: 0.1708, LR: 0.001
Epoch: 15, Train Loss: 0.0949, Valid Loss: 0.1469, LR: 0.001
Epoch: 16, Train Loss: 0.0901, Valid Loss: 0.2066, LR: 0.001
Epoch: 17, Train Loss: 0.0935, Valid Loss: 0.1458, LR: 0.001
Epoch: 18, Train Loss: 0.1008, Valid Loss: 0.1591, LR: 0.001
Epoch: 19, Train Loss: 0.0987, Valid Loss: 0.1276, LR: 0.001
Epoch: 20, Train Loss: 0.0968, Valid Loss: 0.1875, LR: 0.001
Epoch: 21, Train Loss: 0.0954, Valid Loss: 0.1393, LR: 0.001
Epoch: 22, Train Loss: 0.0985, Valid Loss: 0.1623, LR: 0.001
Epoch: 23, Train Loss: 0.1107, Valid Loss: 0.1600, LR: 0.0001
Epoch: 24, Train Loss: 0.0867, Valid Loss: 0.1444, LR: 0.0001
Epoch: 25, Train Loss: 0.0732, Valid Loss: 0.1472, LR: 0.0001
Epoch: 26, Train Loss: 0.0649, Valid Loss: 0.1482, LR: 0.0001
Epoch: 27, Train Loss: 0.0607, Valid Loss: 0.1425, LR: 0.0001
Epoch: 28, Train Loss: 0.0631, Valid Loss: 0.1448, LR: 0.0001
Epoch: 29, Train Loss: 0.0629, Valid Loss: 0.1418, LR: 0.0001
Epoch: 30, Train Loss: 0.0580, Valid Loss: 0.1423, LR: 0.0001
Epoch: 31, Train Loss: 0.0570, Valid Loss: 0.1362, LR: 0.0001
Epoch: 32, Train Loss: 0.0566, Valid Loss: 0.1502, LR: 0.0001
Epoch: 33, Train Loss: 0.0553, Valid Loss: 0.1465, LR: 0.0001
Epoch: 34, Train Loss: 0.0523, Valid Loss: 0.1487, LR: 1e-05
Epoch: 35, Train Loss: 0.0534, Valid Loss: 0.1416, LR: 1e-05
Epoch: 36, Train Loss: 0.0517, Valid Loss: 0.1489, LR: 1e-05
Epoch: 37, Train Loss: 0.0530, Valid Loss: 0.1435, LR: 1e-05
Epoch: 38, Train Loss: 0.0511, Valid Loss: 0.1448, LR: 1e-05
Epoch: 39, Train Loss: 0.0504, Valid Loss: 0.1438, LR: 1e-05
Epoch: 40, Train Loss: 0.0544, Valid Loss: 0.1494, LR: 1e-05
Epoch: 41, Train Loss: 0.0494, Valid Loss: 0.1449, LR: 1e-05
Epoch: 42, Train Loss: 0.0466, Valid Loss: 0.1409, LR: 1e-05
Epoch: 43, Train Loss: 0.0483, Valid Loss: 0.1474, LR: 1e-05
Epoch: 44, Train Loss: 0.0547, Valid Loss: 0.1442, LR: 1e-05
Epoch: 45, Train Loss: 0.0486, Valid Loss: 0.1402, LR: 1.0000000000000002e-06
Epoch: 46, Train Loss: 0.0476, Valid Loss: 0.1412, LR: 1.0000000000000002e-06
Epoch: 47, Train Loss: 0.0518, Valid Loss: 0.1401, LR: 1.0000000000000002e-06
Epoch: 48, Train Loss: 0.0573, Valid Loss: 0.1484, LR: 1.0000000000000002e-06
Epoch: 49, Train Loss: 0.0453, Valid Loss: 0.1448, LR: 1.0000000000000002e-06
Epoch: 50, Train Loss: 0.0476, Valid Loss: 0.1425, LR: 1.0000000000000002e-06
Epoch: 51, Train Loss: 0.0515, Valid Loss: 0.1427, LR: 1.0000000000000002e-06
Epoch: 52, Train Loss: 0.0505, Valid Loss: 0.1438, LR: 1.0000000000000002e-06
Epoch: 53, Train Loss: 0.0497, Valid Loss: 0.1462, LR: 1.0000000000000002e-06
Epoch: 54, Train Loss: 0.0543, Valid Loss: 0.1423, LR: 1.0000000000000002e-06
Epoch: 55, Train Loss: 0.0505, Valid Loss: 0.1463, LR: 1.0000000000000002e-06
Epoch: 56, Train Loss: 0.0502, Valid Loss: 0.1442, LR: 1.0000000000000002e-07
Epoch: 57, Train Loss: 0.0511, Valid Loss: 0.1385, LR: 1.0000000000000002e-07
Epoch: 58, Train Loss: 0.0503, Valid Loss: 0.1403, LR: 1.0000000000000002e-07
Epoch: 59, Train Loss: 0.0502, Valid Loss: 0.1473, LR: 1.0000000000000002e-07
Epoch: 60, Train Loss: 0.0531, Valid Loss: 0.1417, LR: 1.0000000000000002e-07
Epoch: 61, Train Loss: 0.0486, Valid Loss: 0.1441, LR: 1.0000000000000002e-07
Epoch: 62, Train Loss: 0.0500, Valid Loss: 0.1384, LR: 1.0000000000000002e-07
Epoch: 63, Train Loss: 0.0514, Valid Loss: 0.1392, LR: 1.0000000000000002e-07
Epoch: 64, Train Loss: 0.0479, Valid Loss: 0.1393, LR: 1.0000000000000002e-07
Epoch: 65, Train Loss: 0.0532, Valid Loss: 0.1422, LR: 1.0000000000000002e-07
Epoch: 66, Train Loss: 0.0521, Valid Loss: 0.1444, LR: 1.0000000000000002e-07
Epoch: 67, Train Loss: 0.0499, Valid Loss: 0.1432, LR: 1.0000000000000004e-08
Epoch: 68, Train Loss: 0.0471, Valid Loss: 0.1507, LR: 1.0000000000000004e-08
Epoch: 69, Train Loss: 0.0495, Valid Loss: 0.1432, LR: 1.0000000000000004e-08
Epoch: 70, Train Loss: 0.0484, Valid Loss: 0.1492, LR: 1.0000000000000004e-08
Epoch: 71, Train Loss: 0.0516, Valid Loss: 0.1382, LR: 1.0000000000000004e-08
Epoch: 72, Train Loss: 0.0491, Valid Loss: 0.1376, LR: 1.0000000000000004e-08
Epoch: 73, Train Loss: 0.0518, Valid Loss: 0.1427, LR: 1.0000000000000004e-08
Epoch: 74, Train Loss: 0.0533, Valid Loss: 0.1378, LR: 1.0000000000000004e-08
Epoch: 75, Train Loss: 0.0519, Valid Loss: 0.1455, LR: 1.0000000000000004e-08
Epoch: 76, Train Loss: 0.0504, Valid Loss: 0.1422, LR: 1.0000000000000004e-08
Epoch: 77, Train Loss: 0.0477, Valid Loss: 0.1473, LR: 1.0000000000000004e-08
Epoch: 78, Train Loss: 0.0507, Valid Loss: 0.1425, LR: 1.0000000000000004e-08
Epoch: 79, Train Loss: 0.0455, Valid Loss: 0.1357, LR: 1.0000000000000004e-08
Epoch: 80, Train Loss: 0.0491, Valid Loss: 0.1457, LR: 1.0000000000000004e-08
Epoch: 81, Train Loss: 0.0536, Valid Loss: 0.1395, LR: 1.0000000000000004e-08
Epoch: 82, Train Loss: 0.0514, Valid Loss: 0.1501, LR: 1.0000000000000004e-08
Epoch: 83, Train Loss: 0.0545, Valid Loss: 0.1416, LR: 1.0000000000000004e-08
Epoch: 84, Train Loss: 0.0480, Valid Loss: 0.1419, LR: 1.0000000000000004e-08
Epoch: 85, Train Loss: 0.0503, Valid Loss: 0.1404, LR: 1.0000000000000004e-08
Epoch: 86, Train Loss: 0.0486, Valid Loss: 0.1453, LR: 1.0000000000000004e-08
Epoch: 87, Train Loss: 0.0465, Valid Loss: 0.1423, LR: 1.0000000000000004e-08
Epoch: 88, Train Loss: 0.0521, Valid Loss: 0.1396, LR: 1.0000000000000004e-08
Epoch: 89, Train Loss: 0.0500, Valid Loss: 0.1422, LR: 1.0000000000000004e-08
Epoch: 90, Train Loss: 0.0465, Valid Loss: 0.1462, LR: 1.0000000000000004e-08
Epoch: 91, Train Loss: 0.0559, Valid Loss: 0.1492, LR: 1.0000000000000004e-08
Epoch: 92, Train Loss: 0.0516, Valid Loss: 0.1445, LR: 1.0000000000000004e-08
Epoch: 93, Train Loss: 0.0515, Valid Loss: 0.1497, LR: 1.0000000000000004e-08
Epoch: 94, Train Loss: 0.0501, Valid Loss: 0.1415, LR: 1.0000000000000004e-08
Epoch: 95, Train Loss: 0.0491, Valid Loss: 0.1409, LR: 1.0000000000000004e-08
Epoch: 96, Train Loss: 0.0468, Valid Loss: 0.1479, LR: 1.0000000000000004e-08
Epoch: 97, Train Loss: 0.0487, Valid Loss: 0.1379, LR: 1.0000000000000004e-08
Epoch: 98, Train Loss: 0.0509, Valid Loss: 0.1486, LR: 1.0000000000000004e-08
Epoch: 99, Train Loss: 0.0473, Valid Loss: 0.1490, LR: 1.0000000000000004e-08
Epoch: 100, Train Loss: 0.0520, Valid Loss: 0.1390, LR: 1.0000000000000004e-08
Test Loss: 0.1973
